---
source: src/parser/tests/unary.rs
expression: "Snapshot((input, math))"
---
fr text(other text)

Expression {
| Gothic(
| | Text("other text")
| )
}


