---
source: tests/mod.rs
expression: snap
---
fr "AaBbCc"

<math>
  <mstyle mathvariant="fraktur">
    <mtext>
      AaBbCc
    </mtext>
  </mstyle>
</math>

