---
source: tests/mod.rs
expression: snap
---
ubrace(1+2)

<math>
  <munder>
    <mrow>
      <mn>
        1
      </mn>
      <mo>
        +
      </mo>
      <mn>
        2
      </mn>
    </mrow>
    <mo>
      ‚èü
    </mo>
  </munder>
</math>

