---
source: src/lexer/tests/groupings.rs
expression: "Snapshot((input, tokens))"
---
( :}{:)

(
^ -> Grouping(OpenParen) at: 0 -> 1

  :}
  ^^ -> Grouping(CloseIgnored) at: 2 -> 4

    {:
    ^^ -> Grouping(OpenIgnored) at: 4 -> 6

      )
      ^ -> Grouping(CloseParen) at: 6 -> 7


