---
source: src/lexer/tests/greeks.rs
expression: "Snapshot((input, tokens))"
---
pi

pi
^^ -> Greek(Pi) at: 0 -> 2


