---
source: src/lexer/tests/arrows.rs
expression: "Snapshot((input, tokens))"
---
rarr rightarrow

rarr
^^^^ -> Arrow(Right) at: 0 -> 4

     rightarrow
     ^^^^^^^^^^ -> Arrow(Right) at: 5 -> 15


