---
source: src/lexer/tests/functions.rs
expression: "Snapshot((input, tokens))"
---
abcdefghijklmnopqrstuvwxyf


